Archive member included to satisfy reference by file (symbol)

/opt/local/lib/gcc/avr/14.2.0/avr4/libgcc.a(_exit.o)
                              /opt/local/lib/gcc/avr/14.2.0/../../../../avr/lib/avr4/crtatmega88.o (exit)
/opt/local/lib/gcc/avr/14.2.0/avr4/libgcc.a(_copy_data.o)
                              usbdrv/usbdrv.o (__do_copy_data)
/opt/local/lib/gcc/avr/14.2.0/avr4/libgcc.a(_clear_bss.o)
                              usbdrv/usbdrv.o (__do_clear_bss)

Allocating common symbols
Common symbol       size              file

tpi_dly_cnt         0x2               tpi.o

There are no discarded input sections

Memory Configuration

Name             Origin             Length             Attributes
text             0x00000000         0x00002000         xr
data             0x00800100         0x00000400         rw!x
eeprom           0x00810000         0x00000200         rw!x
fuse             0x00820000         0x00000003         rw!x
lock             0x00830000         0x00000400         rw!x
signature        0x00840000         0x00000400         rw!x
user_signatures  0x00850000         0x00000400         rw!x
*default*        0x00000000         0xffffffff

Linker script and memory map

Address of section .data set to 0x800100
LOAD /opt/local/lib/gcc/avr/14.2.0/../../../../avr/lib/avr4/crtatmega88.o
LOAD usbdrv/usbdrv.o
LOAD usbdrv/usbdrvasm.o
LOAD usbdrv/oddebug.o
LOAD isp.o
LOAD clock.o
LOAD tpi.o
LOAD main.o
START GROUP
LOAD /opt/local/lib/gcc/avr/14.2.0/avr4/libgcc.a
LOAD /opt/local/lib/gcc/avr/14.2.0/../../../../avr/lib/avr4/libm.a
LOAD /opt/local/lib/gcc/avr/14.2.0/../../../../avr/lib/avr4/libc.a
LOAD /opt/local/lib/gcc/avr/14.2.0/../../../../avr/lib/avr4/libatmega88.a
END GROUP
                [0x00002000]                      __TEXT_REGION_LENGTH__ = DEFINED (__TEXT_REGION_LENGTH__)?__TEXT_REGION_LENGTH__:0x2000
                [0x00800100]                      __DATA_REGION_ORIGIN__ = DEFINED (__DATA_REGION_ORIGIN__)?__DATA_REGION_ORIGIN__:0x800060
                [0x00000400]                      __DATA_REGION_LENGTH__ = DEFINED (__DATA_REGION_LENGTH__)?__DATA_REGION_LENGTH__:0xffa0
                [0x00000200]                      __EEPROM_REGION_LENGTH__ = DEFINED (__EEPROM_REGION_LENGTH__)?__EEPROM_REGION_LENGTH__:0x10000
                [0x00000003]                      __FUSE_REGION_LENGTH__ = DEFINED (__FUSE_REGION_LENGTH__)?__FUSE_REGION_LENGTH__:0x400
                0x00000400                        __LOCK_REGION_LENGTH__ = DEFINED (__LOCK_REGION_LENGTH__)?__LOCK_REGION_LENGTH__:0x400
                0x00000400                        __SIGNATURE_REGION_LENGTH__ = DEFINED (__SIGNATURE_REGION_LENGTH__)?__SIGNATURE_REGION_LENGTH__:0x400
                0x00000400                        __USER_SIGNATURE_REGION_LENGTH__ = DEFINED (__USER_SIGNATURE_REGION_LENGTH__)?__USER_SIGNATURE_REGION_LENGTH__:0x400

.hash
 *(.hash)

.dynsym
 *(.dynsym)

.dynstr
 *(.dynstr)

.gnu.version
 *(.gnu.version)

.gnu.version_d
 *(.gnu.version_d)

.gnu.version_r
 *(.gnu.version_r)

.rel.init
 *(.rel.init)

.rela.init
 *(.rela.init)

.rel.text
 *(.rel.text)
 *(.rel.text.*)
 *(.rel.gnu.linkonce.t*)

.rela.text
 *(.rela.text)
 *(.rela.text.*)
 *(.rela.gnu.linkonce.t*)

.rel.fini
 *(.rel.fini)

.rela.fini
 *(.rela.fini)

.rel.rodata
 *(.rel.rodata)
 *(.rel.rodata.*)
 *(.rel.gnu.linkonce.r*)

.rela.rodata
 *(.rela.rodata)
 *(.rela.rodata.*)
 *(.rela.gnu.linkonce.r*)

.rel.data
 *(.rel.data)
 *(.rel.data.*)
 *(.rel.gnu.linkonce.d*)

.rela.data
 *(.rela.data)
 *(.rela.data.*)
 *(.rela.gnu.linkonce.d*)

.rel.ctors
 *(.rel.ctors)

.rela.ctors
 *(.rela.ctors)

.rel.dtors
 *(.rel.dtors)

.rela.dtors
 *(.rela.dtors)

.rel.got
 *(.rel.got)

.rela.got
 *(.rela.got)

.rel.bss
 *(.rel.bss)

.rela.bss
 *(.rela.bss)

.rel.plt
 *(.rel.plt)

.rela.plt
 *(.rela.plt)

.text           0x00000000     0x11cc
 *(.vectors)
 .vectors       0x00000000       0x34 /opt/local/lib/gcc/avr/14.2.0/../../../../avr/lib/avr4/crtatmega88.o
                0x00000000                __vectors
                0x00000000                __vector_default
 *(.vectors)
 *(.progmem.gcc*)
                0x00000034                        . = ALIGN (0x2)
                0x00000034                        __trampolines_start = .
 *(.trampolines)
 .trampolines   0x00000034        0x0 linker stubs
 *(.trampolines*)
                0x00000034                        __trampolines_end = .
 *libprintf_flt.a:*(.progmem.data)
 *libc.a:*(.progmem.data)
 *(.progmem.*)
 .progmem.data  0x00000034       0x52 usbdrv/usbdrv.o
                0x00000034                usbDescriptorConfiguration
                0x00000046                usbDescriptorDevice
                0x00000058                usbDescriptorStringDevice
                0x00000066                usbDescriptorStringVendor
                0x00000082                usbDescriptorString0
                0x00000086                        . = ALIGN (0x2)
 *(.lowtext)
 *(.lowtext*)
                0x00000086                        __ctors_start = .
 *(.ctors)
                0x00000086                        __ctors_end = .
                0x00000086                        __dtors_start = .
 *(.dtors)
                0x00000086                        __dtors_end = .
 SORT_BY_NAME(*)(.ctors)
 SORT_BY_NAME(*)(.dtors)
 *(.init0)
 .init0         0x00000086        0x0 /opt/local/lib/gcc/avr/14.2.0/../../../../avr/lib/avr4/crtatmega88.o
                0x00000086                __init
 *(.init0)
 *(.init1)
 *(.init1)
 *(.init2)
 .init2         0x00000086        0xc /opt/local/lib/gcc/avr/14.2.0/../../../../avr/lib/avr4/crtatmega88.o
 *(.init2)
 *(.init3)
 *(.init3)
 *(.init4)
 .init4         0x00000092       0x16 /opt/local/lib/gcc/avr/14.2.0/avr4/libgcc.a(_copy_data.o)
                0x00000092                __do_copy_data
 .init4         0x000000a8       0x10 /opt/local/lib/gcc/avr/14.2.0/avr4/libgcc.a(_clear_bss.o)
                0x000000a8                __do_clear_bss
 *(.init4)
 *(.init5)
 *(.init5)
 *(.init6)
 *(.init6)
 *(.init7)
 *(.init7)
 *(.init8)
 *(.init8)
 *(.init9)
 .init9         0x000000b8        0x4 /opt/local/lib/gcc/avr/14.2.0/../../../../avr/lib/avr4/crtatmega88.o
 *(.init9)
 *(.text)
 .text          0x000000bc        0x2 /opt/local/lib/gcc/avr/14.2.0/../../../../avr/lib/avr4/crtatmega88.o
                0x000000bc                __vector_20
                0x000000bc                __vector_24
                0x000000bc                __vector_12
                0x000000bc                __bad_interrupt
                0x000000bc                __vector_6
                0x000000bc                __vector_3
                0x000000bc                __vector_23
                0x000000bc                __vector_25
                0x000000bc                __vector_11
                0x000000bc                __vector_13
                0x000000bc                __vector_17
                0x000000bc                __vector_19
                0x000000bc                __vector_7
                0x000000bc                __vector_5
                0x000000bc                __vector_4
                0x000000bc                __vector_9
                0x000000bc                __vector_2
                0x000000bc                __vector_21
                0x000000bc                __vector_15
                0x000000bc                __vector_8
                0x000000bc                __vector_14
                0x000000bc                __vector_10
                0x000000bc                __vector_16
                0x000000bc                __vector_18
                0x000000bc                __vector_22
 .text          0x000000be      0x274 usbdrv/usbdrv.o
                0x000000be                usbPoll
                0x00000324                usbInit
 .text          0x00000332      0x28c usbdrv/usbdrvasm.o
                0x00000332                usbCrc16
                0x0000035c                usbCrc16Append
                0x00000364                __vector_1
 .text          0x000005be        0x0 usbdrv/oddebug.o
 .text          0x000005be      0x4bc isp.o
                0x000005be                ispTransmit_sw
                0x000005fc                ispTransmit_hw
                0x0000065a                spiHWenable
                0x00000668                ispSetSCKOption
                0x00000728                ispDelay
                0x00000738                ispConnect
                0x00000788                ispDisconnect
                0x00000798                ispEnterProgrammingMode
                0x00000834                ispReadFlash
                0x0000089e                ispWriteFlash
                0x00000950                ispFlushPage
                0x000009f6                ispReadEEPROM
                0x00000a30                ispWriteEEPROM
 .text          0x00000a7a       0x18 clock.o
                0x00000a7a                clockWait
 .text          0x00000a92       0xd2 tpi.o
                0x00000a92                tpi_init
                0x00000ab2                tpi_send_byte
                0x00000af8                tpi_recv_byte
                0x00000b2a                tpi_read_block
                0x00000b3e                tpi_write_block
 .text          0x00000b64      0x542 main.o
                0x00000b64                usbFunctionSetup
                0x00000e18                usbFunctionRead
                0x00000eec                usbFunctionWrite
 .text          0x000010a6        0x0 /opt/local/lib/gcc/avr/14.2.0/avr4/libgcc.a(_exit.o)
 .text          0x000010a6        0x0 /opt/local/lib/gcc/avr/14.2.0/avr4/libgcc.a(_copy_data.o)
 .text          0x000010a6        0x0 /opt/local/lib/gcc/avr/14.2.0/avr4/libgcc.a(_clear_bss.o)
                0x000010a6                        . = ALIGN (0x2)
 *(.text.*)
 .text.startup  0x000010a6       0x24 main.o
                0x000010a6                main
 .text.libgcc.mul
                0x000010ca        0x0 /opt/local/lib/gcc/avr/14.2.0/avr4/libgcc.a(_exit.o)
 .text.libgcc.div
                0x000010ca        0x0 /opt/local/lib/gcc/avr/14.2.0/avr4/libgcc.a(_exit.o)
 .text.libgcc   0x000010ca        0x0 /opt/local/lib/gcc/avr/14.2.0/avr4/libgcc.a(_exit.o)
 .text.libgcc.prologue
                0x000010ca        0x0 /opt/local/lib/gcc/avr/14.2.0/avr4/libgcc.a(_exit.o)
 .text.libgcc.builtins
                0x000010ca        0x0 /opt/local/lib/gcc/avr/14.2.0/avr4/libgcc.a(_exit.o)
 .text.libgcc.fmul
                0x000010ca        0x0 /opt/local/lib/gcc/avr/14.2.0/avr4/libgcc.a(_exit.o)
 .text.libgcc.fixed
                0x000010ca        0x0 /opt/local/lib/gcc/avr/14.2.0/avr4/libgcc.a(_exit.o)
 .text.libgcc.mul
                0x000010ca        0x0 /opt/local/lib/gcc/avr/14.2.0/avr4/libgcc.a(_copy_data.o)
 .text.libgcc.div
                0x000010ca        0x0 /opt/local/lib/gcc/avr/14.2.0/avr4/libgcc.a(_copy_data.o)
 .text.libgcc   0x000010ca        0x0 /opt/local/lib/gcc/avr/14.2.0/avr4/libgcc.a(_copy_data.o)
 .text.libgcc.prologue
                0x000010ca        0x0 /opt/local/lib/gcc/avr/14.2.0/avr4/libgcc.a(_copy_data.o)
 .text.libgcc.builtins
                0x000010ca        0x0 /opt/local/lib/gcc/avr/14.2.0/avr4/libgcc.a(_copy_data.o)
 .text.libgcc.fmul
                0x000010ca        0x0 /opt/local/lib/gcc/avr/14.2.0/avr4/libgcc.a(_copy_data.o)
 .text.libgcc.fixed
                0x000010ca        0x0 /opt/local/lib/gcc/avr/14.2.0/avr4/libgcc.a(_copy_data.o)
 .text.libgcc.mul
                0x000010ca        0x0 /opt/local/lib/gcc/avr/14.2.0/avr4/libgcc.a(_clear_bss.o)
 .text.libgcc.div
                0x000010ca        0x0 /opt/local/lib/gcc/avr/14.2.0/avr4/libgcc.a(_clear_bss.o)
 .text.libgcc   0x000010ca        0x0 /opt/local/lib/gcc/avr/14.2.0/avr4/libgcc.a(_clear_bss.o)
 .text.libgcc.prologue
                0x000010ca        0x0 /opt/local/lib/gcc/avr/14.2.0/avr4/libgcc.a(_clear_bss.o)
 .text.libgcc.builtins
                0x000010ca        0x0 /opt/local/lib/gcc/avr/14.2.0/avr4/libgcc.a(_clear_bss.o)
 .text.libgcc.fmul
                0x000010ca        0x0 /opt/local/lib/gcc/avr/14.2.0/avr4/libgcc.a(_clear_bss.o)
 .text.libgcc.fixed
                0x000010ca        0x0 /opt/local/lib/gcc/avr/14.2.0/avr4/libgcc.a(_clear_bss.o)
                0x000010ca                        . = ALIGN (0x2)
 *(.fini9)
 .fini9         0x000010ca        0x0 /opt/local/lib/gcc/avr/14.2.0/avr4/libgcc.a(_exit.o)
                0x000010ca                exit
                0x000010ca                _exit
 *(.fini9)
 *(.fini8)
 *(.fini8)
 *(.fini7)
 *(.fini7)
 *(.fini6)
 *(.fini6)
 *(.fini5)
 *(.fini5)
 *(.fini4)
 *(.fini4)
 *(.fini3)
 *(.fini3)
 *(.fini2)
 *(.fini2)
 *(.fini1)
 *(.fini1)
 *(.fini0)
 .fini0         0x000010ca        0x4 /opt/local/lib/gcc/avr/14.2.0/avr4/libgcc.a(_exit.o)
 *(.fini0)
 *(.hightext)
 *(.hightext*)
 *(.progmemx.*)
                0x000010ce                        . = ALIGN (0x2)
 *(.jumptables)
 *(.jumptables*)
 .jumptables.gcc.usbFunctionSetup
                0x000010ce       0xfe main.o
                0x000011cc                        _etext = .

.data           0x00800100        0x4 load address 0x000011cc
                0x00800100                        PROVIDE (__data_start = .)
 *(.data)
 .data          0x00800100        0x0 /opt/local/lib/gcc/avr/14.2.0/../../../../avr/lib/avr4/crtatmega88.o
 .data          0x00800100        0x2 usbdrv/usbdrv.o
                0x00800101                usbTxLen
 .data          0x00800102        0x0 usbdrv/usbdrvasm.o
 .data          0x00800102        0x0 usbdrv/oddebug.o
 .data          0x00800102        0x2 isp.o
                0x00800102                ispTransmit
 .data          0x00800104        0x0 clock.o
 .data          0x00800104        0x0 tpi.o
 .data          0x00800104        0x0 main.o
 .data          0x00800104        0x0 /opt/local/lib/gcc/avr/14.2.0/avr4/libgcc.a(_exit.o)
 .data          0x00800104        0x0 /opt/local/lib/gcc/avr/14.2.0/avr4/libgcc.a(_copy_data.o)
 .data          0x00800104        0x0 /opt/local/lib/gcc/avr/14.2.0/avr4/libgcc.a(_clear_bss.o)
 *(.data*)
 *(.gnu.linkonce.d*)
 *(.rodata)
 *(.rodata*)
 *(.gnu.linkonce.r*)
                0x00800104                        . = ALIGN (0x2)
                0x00800104                        _edata = .
                0x00800104                        PROVIDE (__data_end = .)

.bss            0x00800104       0x46
                0x00800104                        PROVIDE (__bss_start = .)
 *(.bss)
 .bss           0x00800104        0x0 /opt/local/lib/gcc/avr/14.2.0/../../../../avr/lib/avr4/crtatmega88.o
 .bss           0x00800104       0x2b usbdrv/usbdrv.o
                0x00800104                usbMsgPtr
                0x00800106                usbTxBuf
                0x00800111                usbRxToken
                0x00800112                usbCurrentTok
                0x00800113                usbRxLen
                0x00800114                usbConfiguration
                0x00800115                usbNewDeviceAddr
                0x00800116                usbDeviceAddr
                0x00800117                usbInputBufOffset
                0x00800118                usbRxBuf
 .bss           0x0080012f        0x0 usbdrv/usbdrvasm.o
 .bss           0x0080012f        0x0 usbdrv/oddebug.o
 .bss           0x0080012f        0x4 isp.o
                0x0080012f                isp_hiaddr
                0x00800130                sck_spsr
                0x00800131                sck_spcr
                0x00800132                sck_sw_delay
 .bss           0x00800133        0x0 clock.o
 .bss           0x00800133        0x0 tpi.o
 .bss           0x00800133       0x15 main.o
 .bss           0x00800148        0x0 /opt/local/lib/gcc/avr/14.2.0/avr4/libgcc.a(_exit.o)
 .bss           0x00800148        0x0 /opt/local/lib/gcc/avr/14.2.0/avr4/libgcc.a(_copy_data.o)
 .bss           0x00800148        0x0 /opt/local/lib/gcc/avr/14.2.0/avr4/libgcc.a(_clear_bss.o)
 *(.bss*)
 *(COMMON)
 COMMON         0x00800148        0x2 tpi.o
                0x00800148                tpi_dly_cnt
                0x0080014a                        PROVIDE (__bss_end = .)
                0x000011cc                        __data_load_start = LOADADDR (.data)
                0x000011d0                        __data_load_end = (__data_load_start + SIZEOF (.data))

.noinit         0x0080014a        0x0
                [!provide]                        PROVIDE (__noinit_start = .)
 *(.noinit .noinit.* .gnu.linkonce.n.*)
                [!provide]                        PROVIDE (__noinit_end = .)
                0x0080014a                        _end = .
                [!provide]                        PROVIDE (__heap_start = .)

.eeprom         0x00810000        0x0
 *(.eeprom*)
                0x00810000                        __eeprom_end = .

.fuse
 *(.fuse)
 *(.lfuse)
 *(.hfuse)
 *(.efuse)

.lock
 *(.lock*)

.signature
 *(.signature*)

.stab
 *(.stab)

.stabstr
 *(.stabstr)

.stab.excl
 *(.stab.excl)

.stab.exclstr
 *(.stab.exclstr)

.stab.index
 *(.stab.index)

.stab.indexstr
 *(.stab.indexstr)

.comment        0x00000000       0x12
 *(.comment)
 .comment       0x00000000       0x12 usbdrv/usbdrv.o
                                 0x13 (size before relaxing)
 .comment       0x00000012       0x13 usbdrv/oddebug.o
 .comment       0x00000012       0x13 isp.o
 .comment       0x00000012       0x13 clock.o
 .comment       0x00000012       0x13 main.o

.note.gnu.avr.deviceinfo
                0x00000000       0x3c
 .note.gnu.avr.deviceinfo
                0x00000000       0x3c /opt/local/lib/gcc/avr/14.2.0/../../../../avr/lib/avr4/crtatmega88.o

.avr.prop       0x00000000       0x16
 .avr.prop      0x00000000       0x16 main.o

.gnu.build.attributes
 *(.gnu.build.attributes .gnu.build.attributes.*)

.note.gnu.build-id
 *(.note.gnu.build-id)

.debug
 *(.debug)

.line
 *(.line)

.debug_srcinfo
 *(.debug_srcinfo)

.debug_sfnames
 *(.debug_sfnames)

.debug_aranges  0x00000000       0x60
 *(.debug_aranges)
 .debug_aranges
                0x00000000       0x20 /opt/local/lib/gcc/avr/14.2.0/avr4/libgcc.a(_exit.o)
 .debug_aranges
                0x00000020       0x20 /opt/local/lib/gcc/avr/14.2.0/avr4/libgcc.a(_copy_data.o)
 .debug_aranges
                0x00000040       0x20 /opt/local/lib/gcc/avr/14.2.0/avr4/libgcc.a(_clear_bss.o)

.debug_pubnames
 *(.debug_pubnames)

.debug_info     0x00000000      0x660
 *(.debug_info .gnu.linkonce.wi.*)
 .debug_info    0x00000000      0x5f4 /opt/local/lib/gcc/avr/14.2.0/../../../../avr/lib/avr4/crtatmega88.o
 .debug_info    0x000005f4       0x24 /opt/local/lib/gcc/avr/14.2.0/avr4/libgcc.a(_exit.o)
 .debug_info    0x00000618       0x24 /opt/local/lib/gcc/avr/14.2.0/avr4/libgcc.a(_copy_data.o)
 .debug_info    0x0000063c       0x24 /opt/local/lib/gcc/avr/14.2.0/avr4/libgcc.a(_clear_bss.o)

.debug_abbrev   0x00000000      0x5de
 *(.debug_abbrev)
 .debug_abbrev  0x00000000      0x5a2 /opt/local/lib/gcc/avr/14.2.0/../../../../avr/lib/avr4/crtatmega88.o
 .debug_abbrev  0x000005a2       0x14 /opt/local/lib/gcc/avr/14.2.0/avr4/libgcc.a(_exit.o)
 .debug_abbrev  0x000005b6       0x14 /opt/local/lib/gcc/avr/14.2.0/avr4/libgcc.a(_copy_data.o)
 .debug_abbrev  0x000005ca       0x14 /opt/local/lib/gcc/avr/14.2.0/avr4/libgcc.a(_clear_bss.o)

.debug_line     0x00000000      0x16a
 *(.debug_line .debug_line.* .debug_line_end)
 .debug_line    0x00000000       0x1d /opt/local/lib/gcc/avr/14.2.0/../../../../avr/lib/avr4/crtatmega88.o
 .debug_line    0x0000001d       0x51 /opt/local/lib/gcc/avr/14.2.0/avr4/libgcc.a(_exit.o)
 .debug_line    0x0000006e       0x87 /opt/local/lib/gcc/avr/14.2.0/avr4/libgcc.a(_copy_data.o)
 .debug_line    0x000000f5       0x75 /opt/local/lib/gcc/avr/14.2.0/avr4/libgcc.a(_clear_bss.o)

.debug_frame
 *(.debug_frame)

.debug_str      0x00000000      0x323
 *(.debug_str)
 .debug_str     0x00000000      0x208 /opt/local/lib/gcc/avr/14.2.0/../../../../avr/lib/avr4/crtatmega88.o
 .debug_str     0x00000208      0x11b /opt/local/lib/gcc/avr/14.2.0/avr4/libgcc.a(_exit.o)
 .debug_str     0x00000323      0x11b /opt/local/lib/gcc/avr/14.2.0/avr4/libgcc.a(_copy_data.o)
 .debug_str     0x00000323      0x11b /opt/local/lib/gcc/avr/14.2.0/avr4/libgcc.a(_clear_bss.o)

.debug_loc
 *(.debug_loc)

.debug_macinfo
 *(.debug_macinfo)

.debug_weaknames
 *(.debug_weaknames)

.debug_funcnames
 *(.debug_funcnames)

.debug_typenames
 *(.debug_typenames)

.debug_varnames
 *(.debug_varnames)

.debug_pubtypes
 *(.debug_pubtypes)

.debug_ranges
 *(.debug_ranges)

.debug_addr
 *(.debug_addr)

.debug_line_str
                0x00000000      0x10f
 *(.debug_line_str)
 .debug_line_str
                0x00000000      0x10f /opt/local/lib/gcc/avr/14.2.0/avr4/libgcc.a(_exit.o)
 .debug_line_str
                0x0000010f      0x10f /opt/local/lib/gcc/avr/14.2.0/avr4/libgcc.a(_copy_data.o)
 .debug_line_str
                0x0000010f      0x10f /opt/local/lib/gcc/avr/14.2.0/avr4/libgcc.a(_clear_bss.o)

.debug_loclists
 *(.debug_loclists)

.debug_macro
 *(.debug_macro)

.debug_names
 *(.debug_names)

.debug_rnglists
 *(.debug_rnglists)

.debug_str_offsets
 *(.debug_str_offsets)

.debug_sup
 *(.debug_sup)
OUTPUT(main.bin elf32-avr)
LOAD linker stubs
