   1               		.file	"fifo.c"
   2               	__SP_H__ = 0x3e
   3               	__SP_L__ = 0x3d
   4               	__SREG__ = 0x3f
   5               	__tmp_reg__ = 0
   6               	__zero_reg__ = 1
   7               		.text
   8               	.Ltext0:
   9               		.cfi_sections	.debug_frame
  10               		.file 0 "/Users/Dertien/git/usbprog/avrispmk2klon" "../usbn2mc/fifo.c"
  11               	.global	fifo_init
  13               	fifo_init:
  14               	.LVL0:
  15               	.LFB5:
  16               		.file 1 "../usbn2mc/fifo.c"
   1:../usbn2mc/fifo.c **** #include "fifo.h"
   2:../usbn2mc/fifo.c **** 
   3:../usbn2mc/fifo.c **** void fifo_init (fifo_t *f, char *buffer, const int size)
   4:../usbn2mc/fifo.c **** {
  17               		.loc 1 4 1 view -0
  18               		.cfi_startproc
  19               	/* prologue: function */
  20               	/* frame size = 0 */
  21               	/* stack size = 0 */
  22               	.L__stack_usage = 0
  23               		.loc 1 4 1 is_stmt 0 view .LVU1
  24 0000 FC01      		movw r30,r24
   5:../usbn2mc/fifo.c ****   f->count = 0;
  25               		.loc 1 5 3 is_stmt 1 view .LVU2
  26               		.loc 1 5 12 is_stmt 0 view .LVU3
  27 0002 1182      		std Z+1,__zero_reg__
  28 0004 1082      		st Z,__zero_reg__
   6:../usbn2mc/fifo.c ****   f->pread = f->pwrite = buffer;
  29               		.loc 1 6 3 is_stmt 1 view .LVU4
  30               		.loc 1 6 24 is_stmt 0 view .LVU5
  31 0006 6683      		std Z+6,r22
  32 0008 7783      		std Z+7,r23
  33               		.loc 1 6 12 view .LVU6
  34 000a 6483      		std Z+4,r22
  35 000c 7583      		std Z+5,r23
   7:../usbn2mc/fifo.c ****   f->read2end = f->write2end = f->size = size;
  36               		.loc 1 7 3 is_stmt 1 view .LVU7
  37               		.loc 1 7 40 is_stmt 0 view .LVU8
  38 000e 4283      		std Z+2,r20
  39 0010 5383      		std Z+3,r21
  40               		.loc 1 7 30 view .LVU9
  41 0012 4287      		std Z+10,r20
  42 0014 5387      		std Z+11,r21
  43               		.loc 1 7 15 view .LVU10
  44 0016 4087      		std Z+8,r20
  45 0018 5187      		std Z+9,r21
   8:../usbn2mc/fifo.c ****   f->spinlock = 0xFF;
  46               		.loc 1 8 3 is_stmt 1 view .LVU11
  47               		.loc 1 8 15 is_stmt 0 view .LVU12
  48 001a 8FEF      		ldi r24,lo8(-1)
  49               	.LVL1:
  50               		.loc 1 8 15 view .LVU13
  51 001c 8487      		std Z+12,r24
  52               	/* epilogue start */
   9:../usbn2mc/fifo.c **** }
  53               		.loc 1 9 1 view .LVU14
  54 001e 0895      		ret
  55               		.cfi_endproc
  56               	.LFE5:
  58               	.global	fifo_put
  60               	fifo_put:
  61               	.LVL2:
  62               	.LFB6:
  10:../usbn2mc/fifo.c **** 
  11:../usbn2mc/fifo.c **** int fifo_put (fifo_t *f, const char data)
  12:../usbn2mc/fifo.c **** {
  63               		.loc 1 12 1 is_stmt 1 view -0
  64               		.cfi_startproc
  65               	/* prologue: function */
  66               	/* frame size = 0 */
  67               	/* stack size = 0 */
  68               	.L__stack_usage = 0
  69               		.loc 1 12 1 is_stmt 0 view .LVU16
  70 0020 FC01      		movw r30,r24
  13:../usbn2mc/fifo.c ****   return _inline_fifo_put (f, data);
  71               		.loc 1 13 3 is_stmt 1 view .LVU17
  72               	.LVL3:
  73               	.LBB4:
  74               	.LBI4:
  75               		.file 2 "../usbn2mc/fifo.h"
   1:../usbn2mc/fifo.h **** #ifndef _FIFO_H_
   2:../usbn2mc/fifo.h **** #define _FIFO_H_
   3:../usbn2mc/fifo.h **** 
   4:../usbn2mc/fifo.h **** // Benedikt Sauter <sauter@ixbat.de> (2006-03-26)
   5:../usbn2mc/fifo.h **** 
   6:../usbn2mc/fifo.h **** // mainly taken from http://www.roboternetz.de/wissen/index.php/FIFO_mit_avr-gcc
   7:../usbn2mc/fifo.h **** // Author:  removed avr specially things, and added spinlock mechanism
   8:../usbn2mc/fifo.h **** 
   9:../usbn2mc/fifo.h **** typedef struct
  10:../usbn2mc/fifo.h **** {
  11:../usbn2mc/fifo.h ****   int volatile count;       // number of data in buffer 
  12:../usbn2mc/fifo.h ****   int size;                 // buffer-size 
  13:../usbn2mc/fifo.h ****   char *pread;              // read pointer 
  14:../usbn2mc/fifo.h ****   char *pwrite;             // write pointer 
  15:../usbn2mc/fifo.h ****   int read2end, write2end;  // number of free signs till overlow
  16:../usbn2mc/fifo.h ****   char spinlock;
  17:../usbn2mc/fifo.h **** } fifo_t;
  18:../usbn2mc/fifo.h **** 
  19:../usbn2mc/fifo.h **** 
  20:../usbn2mc/fifo.h **** 
  21:../usbn2mc/fifo.h **** void fifo_init (fifo_t*, char* buf, const int size);
  22:../usbn2mc/fifo.h **** int fifo_put (fifo_t*, const char data);
  23:../usbn2mc/fifo.h **** char fifo_get_wait (fifo_t*);
  24:../usbn2mc/fifo.h **** int fifo_get_nowait (fifo_t*, char *entry);
  25:../usbn2mc/fifo.h **** 
  26:../usbn2mc/fifo.h **** // swap function for spinlock mechanism
  27:../usbn2mc/fifo.h **** static inline void
  28:../usbn2mc/fifo.h **** _inline_swap(char*x, char*y)
  29:../usbn2mc/fifo.h **** {
  30:../usbn2mc/fifo.h ****   char t;
  31:../usbn2mc/fifo.h ****   t = *x;
  32:../usbn2mc/fifo.h ****   *x = *y;
  33:../usbn2mc/fifo.h ****   *y = t;
  34:../usbn2mc/fifo.h **** }
  35:../usbn2mc/fifo.h **** 
  36:../usbn2mc/fifo.h **** 
  37:../usbn2mc/fifo.h **** // spinlock for fifo access 
  38:../usbn2mc/fifo.h **** static inline void 
  39:../usbn2mc/fifo.h **** _inline_fifo_lock(fifo_t *f)
  40:../usbn2mc/fifo.h **** {
  41:../usbn2mc/fifo.h ****   char open=0x00;	
  42:../usbn2mc/fifo.h ****   while(open==0x00)
  43:../usbn2mc/fifo.h ****     _inline_swap(&open,&f->spinlock);
  44:../usbn2mc/fifo.h **** }
  45:../usbn2mc/fifo.h **** 
  46:../usbn2mc/fifo.h **** 
  47:../usbn2mc/fifo.h **** //spinlock fpr fifo access
  48:../usbn2mc/fifo.h **** static inline void 
  49:../usbn2mc/fifo.h **** _inline_fifo_unlock(fifo_t *f)
  50:../usbn2mc/fifo.h **** {
  51:../usbn2mc/fifo.h ****   f->spinlock=0xFF;
  52:../usbn2mc/fifo.h **** }
  53:../usbn2mc/fifo.h **** 
  54:../usbn2mc/fifo.h **** static inline int 
  55:../usbn2mc/fifo.h **** _inline_fifo_put (fifo_t *f, const char data)
  76               		.loc 2 55 1 view .LVU18
  77               	.LBB5:
  56:../usbn2mc/fifo.h **** {
  57:../usbn2mc/fifo.h **** 	if (f->count >= f->size)
  78               		.loc 2 57 2 view .LVU19
  79               		.loc 2 57 7 is_stmt 0 view .LVU20
  80 0022 2081      		ld r18,Z
  81 0024 3181      		ldd r19,Z+1
  82               		.loc 2 57 5 view .LVU21
  83 0026 8281      		ldd r24,Z+2
  84 0028 9381      		ldd r25,Z+3
  85               	.LVL4:
  86               		.loc 2 57 5 view .LVU22
  87 002a 2817      		cp r18,r24
  88 002c 3907      		cpc r19,r25
  89 002e 04F4      		brge .L5
  58:../usbn2mc/fifo.h **** 		return 0;
  59:../usbn2mc/fifo.h **** 		
  60:../usbn2mc/fifo.h **** 	char * pwrite = f->pwrite;
  90               		.loc 2 60 2 is_stmt 1 view .LVU23
  91               	.LVL5:
  61:../usbn2mc/fifo.h **** 	
  62:../usbn2mc/fifo.h **** 	*(pwrite++) = data;
  92               		.loc 2 62 2 view .LVU24
  93               		.loc 2 62 10 is_stmt 0 view .LVU25
  94 0030 A681      		ldd r26,Z+6
  95 0032 B781      		ldd r27,Z+7
  96               	.LVL6:
  97               		.loc 2 62 14 view .LVU26
  98 0034 6D93      		st X+,r22
  99               	.LVL7:
  63:../usbn2mc/fifo.h **** 	
  64:../usbn2mc/fifo.h **** 	int write2end = f->write2end;
 100               		.loc 2 64 2 is_stmt 1 view .LVU27
 101               		.loc 2 64 6 is_stmt 0 view .LVU28
 102 0036 8285      		ldd r24,Z+10
 103 0038 9385      		ldd r25,Z+11
 104               	.LVL8:
  65:../usbn2mc/fifo.h **** 	
  66:../usbn2mc/fifo.h **** 	if (--write2end == 0)
 105               		.loc 2 66 2 is_stmt 1 view .LVU29
 106               		.loc 2 66 5 is_stmt 0 view .LVU30
 107 003a 0197      		sbiw r24, 1
 108               	.LVL9:
 109               		.loc 2 66 5 view .LVU31
 110 003c 01F4      		brne .L4
  67:../usbn2mc/fifo.h **** 	{
  68:../usbn2mc/fifo.h **** 		write2end = f->size;
 111               		.loc 2 68 3 is_stmt 1 view .LVU32
 112               		.loc 2 68 13 is_stmt 0 view .LVU33
 113 003e 8281      		ldd r24,Z+2
 114 0040 9381      		ldd r25,Z+3
 115               	.LVL10:
  69:../usbn2mc/fifo.h **** 		pwrite -= write2end;
 116               		.loc 2 69 3 is_stmt 1 view .LVU34
 117               		.loc 2 69 10 is_stmt 0 view .LVU35
 118 0042 A81B      		sub r26,r24
 119 0044 B90B      		sbc r27,r25
 120               	.LVL11:
 121               	.L4:
  70:../usbn2mc/fifo.h **** 	}
  71:../usbn2mc/fifo.h **** 	
  72:../usbn2mc/fifo.h **** 	f->write2end = write2end;
 122               		.loc 2 72 2 is_stmt 1 view .LVU36
 123               		.loc 2 72 15 is_stmt 0 view .LVU37
 124 0046 9387      		std Z+11,r25
 125 0048 8287      		std Z+10,r24
  73:../usbn2mc/fifo.h **** 	f->pwrite = pwrite;
 126               		.loc 2 73 2 is_stmt 1 view .LVU38
 127               		.loc 2 73 12 is_stmt 0 view .LVU39
 128 004a B783      		std Z+7,r27
 129 004c A683      		std Z+6,r26
  74:../usbn2mc/fifo.h **** 
  75:../usbn2mc/fifo.h **** 	//uint8_t sreg = SREG;
  76:../usbn2mc/fifo.h **** 	//cli();-
  77:../usbn2mc/fifo.h **** 	//_inline_fifo_lock(f);
  78:../usbn2mc/fifo.h **** 	f->count++;
 130               		.loc 2 78 2 is_stmt 1 view .LVU40
 131               		.loc 2 78 3 is_stmt 0 view .LVU41
 132 004e 8081      		ld r24,Z
 133 0050 9181      		ldd r25,Z+1
 134               	.LVL12:
 135               		.loc 2 78 10 view .LVU42
 136 0052 0196      		adiw r24,1
 137 0054 9183      		std Z+1,r25
 138 0056 8083      		st Z,r24
  79:../usbn2mc/fifo.h **** 	//_inline_fifo_unlock(f);
  80:../usbn2mc/fifo.h **** 	//SREG = sreg;
  81:../usbn2mc/fifo.h **** 	
  82:../usbn2mc/fifo.h **** 	return 1;
 139               		.loc 2 82 2 is_stmt 1 view .LVU43
 140               		.loc 2 82 9 is_stmt 0 view .LVU44
 141 0058 81E0      		ldi r24,lo8(1)
 142 005a 90E0      		ldi r25,0
 143 005c 0895      		ret
 144               	.LVL13:
 145               	.L5:
  58:../usbn2mc/fifo.h **** 		
 146               		.loc 2 58 10 view .LVU45
 147 005e 80E0      		ldi r24,0
 148 0060 90E0      		ldi r25,0
 149               	.LVL14:
 150               	/* epilogue start */
  58:../usbn2mc/fifo.h **** 		
 151               		.loc 2 58 10 view .LVU46
 152               	.LBE5:
 153               	.LBE4:
  14:../usbn2mc/fifo.c **** }
 154               		.loc 1 14 1 view .LVU47
 155 0062 0895      		ret
 156               		.cfi_endproc
 157               	.LFE6:
 159               	.global	fifo_get_wait
 161               	fifo_get_wait:
 162               	.LVL15:
 163               	.LFB7:
  15:../usbn2mc/fifo.c **** 
  16:../usbn2mc/fifo.c **** char fifo_get_wait (fifo_t *f)
  17:../usbn2mc/fifo.c **** {
 164               		.loc 1 17 1 is_stmt 1 view -0
 165               		.cfi_startproc
 166               	/* prologue: function */
 167               	/* frame size = 0 */
 168               	/* stack size = 0 */
 169               	.L__stack_usage = 0
 170               		.loc 1 17 1 is_stmt 0 view .LVU49
 171 0064 FC01      		movw r30,r24
  18:../usbn2mc/fifo.c ****   while (!f->count)
 172               		.loc 1 18 3 is_stmt 1 view .LVU50
 173               	.LVL16:
 174               	.L7:
 175               		.loc 1 18 10 discriminator 1 view .LVU51
 176               		.loc 1 18 12 is_stmt 0 discriminator 1 view .LVU52
 177 0066 8081      		ld r24,Z
 178 0068 9181      		ldd r25,Z+1
 179               		.loc 1 18 10 discriminator 1 view .LVU53
 180 006a 892B      		or r24,r25
 181 006c 01F0      		breq .L7
  19:../usbn2mc/fifo.c ****   ;
  20:../usbn2mc/fifo.c ****     return _inline_fifo_get (f);	
 182               		.loc 1 20 5 is_stmt 1 view .LVU54
 183               	.LVL17:
 184               	.LBB8:
 185               	.LBI8:
  83:../usbn2mc/fifo.h **** }
  84:../usbn2mc/fifo.h **** 
  85:../usbn2mc/fifo.h **** static inline int 
  86:../usbn2mc/fifo.h **** _inline_fifo_get (fifo_t *f)
 186               		.loc 2 86 1 view .LVU55
 187               	.LBB9:
  87:../usbn2mc/fifo.h **** {
  88:../usbn2mc/fifo.h **** 	char *pread = f->pread;
 188               		.loc 2 88 2 view .LVU56
  89:../usbn2mc/fifo.h **** 	char data = *(pread++);
 189               		.loc 2 89 2 view .LVU57
 190               		.loc 2 89 21 is_stmt 0 view .LVU58
 191 006e A481      		ldd r26,Z+4
 192 0070 B581      		ldd r27,Z+5
 193               	.LVL18:
 194               		.loc 2 89 7 view .LVU59
 195 0072 8D91      		ld r24,X+
 196               	.LVL19:
  90:../usbn2mc/fifo.h **** 	int read2end = f->read2end;
 197               		.loc 2 90 2 is_stmt 1 view .LVU60
 198               		.loc 2 90 6 is_stmt 0 view .LVU61
 199 0074 2085      		ldd r18,Z+8
 200 0076 3185      		ldd r19,Z+9
 201               	.LVL20:
  91:../usbn2mc/fifo.h **** 	
  92:../usbn2mc/fifo.h **** 	if (--read2end == 0)
 202               		.loc 2 92 2 is_stmt 1 view .LVU62
 203               		.loc 2 92 5 is_stmt 0 view .LVU63
 204 0078 2150      		subi r18, 1
 205 007a 3040      		sbci r19, 0
 206               	.LVL21:
 207               		.loc 2 92 5 view .LVU64
 208 007c 01F4      		brne .L8
  93:../usbn2mc/fifo.h **** 	{
  94:../usbn2mc/fifo.h **** 		read2end = f->size;
 209               		.loc 2 94 3 is_stmt 1 view .LVU65
 210               		.loc 2 94 12 is_stmt 0 view .LVU66
 211 007e 2281      		ldd r18,Z+2
 212 0080 3381      		ldd r19,Z+3
 213               	.LVL22:
  95:../usbn2mc/fifo.h **** 		pread -= read2end;
 214               		.loc 2 95 3 is_stmt 1 view .LVU67
 215               		.loc 2 95 9 is_stmt 0 view .LVU68
 216 0082 A21B      		sub r26,r18
 217 0084 B30B      		sbc r27,r19
 218               	.LVL23:
 219               	.L8:
  96:../usbn2mc/fifo.h **** 	}
  97:../usbn2mc/fifo.h **** 	
  98:../usbn2mc/fifo.h **** 	f->pread = pread;
 220               		.loc 2 98 2 is_stmt 1 view .LVU69
 221               		.loc 2 98 11 is_stmt 0 view .LVU70
 222 0086 B583      		std Z+5,r27
 223 0088 A483      		std Z+4,r26
  99:../usbn2mc/fifo.h **** 	f->read2end = read2end;
 224               		.loc 2 99 2 is_stmt 1 view .LVU71
 225               		.loc 2 99 14 is_stmt 0 view .LVU72
 226 008a 3187      		std Z+9,r19
 227 008c 2087      		std Z+8,r18
 100:../usbn2mc/fifo.h **** 	
 101:../usbn2mc/fifo.h **** 	//uint8_t sreg = SREG;
 102:../usbn2mc/fifo.h **** 	//cli();
 103:../usbn2mc/fifo.h **** 	//_inline_fifo_lock(f);
 104:../usbn2mc/fifo.h **** 	f->count--;
 228               		.loc 2 104 2 is_stmt 1 view .LVU73
 229               		.loc 2 104 3 is_stmt 0 view .LVU74
 230 008e 2081      		ld r18,Z
 231 0090 3181      		ldd r19,Z+1
 232               	.LVL24:
 233               		.loc 2 104 10 view .LVU75
 234 0092 2150      		subi r18,1
 235 0094 3109      		sbc r19,__zero_reg__
 236 0096 3183      		std Z+1,r19
 237 0098 2083      		st Z,r18
 105:../usbn2mc/fifo.h **** 	//_inline_fifo_unlock(f);
 106:../usbn2mc/fifo.h **** 	//SREG = sreg;
 107:../usbn2mc/fifo.h **** 	
 108:../usbn2mc/fifo.h **** 	return data;
 238               		.loc 2 108 2 is_stmt 1 view .LVU76
 239               	.LVL25:
 240               	/* epilogue start */
 241               		.loc 2 108 2 is_stmt 0 view .LVU77
 242               	.LBE9:
 243               	.LBE8:
  21:../usbn2mc/fifo.c **** }
 244               		.loc 1 21 1 view .LVU78
 245 009a 0895      		ret
 246               		.cfi_endproc
 247               	.LFE7:
 249               	.global	fifo_get_nowait
 251               	fifo_get_nowait:
 252               	.LVL26:
 253               	.LFB8:
  22:../usbn2mc/fifo.c **** 
  23:../usbn2mc/fifo.c **** int fifo_get_nowait (fifo_t *f, char *entry)
  24:../usbn2mc/fifo.c **** {
 254               		.loc 1 24 1 is_stmt 1 view -0
 255               		.cfi_startproc
 256               		.loc 1 24 1 is_stmt 0 view .LVU80
 257 009c CF93      		push r28
 258               		.cfi_def_cfa_offset 3
 259               		.cfi_offset 28, -2
 260 009e DF93      		push r29
 261               		.cfi_def_cfa_offset 4
 262               		.cfi_offset 29, -3
 263               	/* prologue: function */
 264               	/* frame size = 0 */
 265               	/* stack size = 2 */
 266               	.L__stack_usage = 2
 267 00a0 FC01      		movw r30,r24
 268 00a2 EB01      		movw r28,r22
  25:../usbn2mc/fifo.c ****   if (f->count <=0) {
 269               		.loc 1 25 3 is_stmt 1 view .LVU81
 270               		.loc 1 25 8 is_stmt 0 view .LVU82
 271 00a4 8081      		ld r24,Z
 272 00a6 9181      		ldd r25,Z+1
 273               	.LVL27:
 274               		.loc 1 25 6 view .LVU83
 275 00a8 1816      		cp __zero_reg__,r24
 276 00aa 1906      		cpc __zero_reg__,r25
 277 00ac 04F4      		brge .L14
  26:../usbn2mc/fifo.c **** 		return -1;
  27:../usbn2mc/fifo.c **** 	}
  28:../usbn2mc/fifo.c **** 	else {
  29:../usbn2mc/fifo.c ****   	entry[0] = _inline_fifo_get (f);	
 278               		.loc 1 29 4 is_stmt 1 view .LVU84
 279               	.LVL28:
 280               	.LBB12:
 281               	.LBI12:
  86:../usbn2mc/fifo.h **** {
 282               		.loc 2 86 1 view .LVU85
 283               	.LBB13:
  88:../usbn2mc/fifo.h **** 	char data = *(pread++);
 284               		.loc 2 88 2 view .LVU86
  89:../usbn2mc/fifo.h **** 	int read2end = f->read2end;
 285               		.loc 2 89 2 view .LVU87
  89:../usbn2mc/fifo.h **** 	int read2end = f->read2end;
 286               		.loc 2 89 21 is_stmt 0 view .LVU88
 287 00ae A481      		ldd r26,Z+4
 288 00b0 B581      		ldd r27,Z+5
 289               	.LVL29:
  89:../usbn2mc/fifo.h **** 	int read2end = f->read2end;
 290               		.loc 2 89 7 view .LVU89
 291 00b2 2D91      		ld r18,X+
 292               	.LVL30:
  90:../usbn2mc/fifo.h **** 	
 293               		.loc 2 90 2 is_stmt 1 view .LVU90
  90:../usbn2mc/fifo.h **** 	
 294               		.loc 2 90 6 is_stmt 0 view .LVU91
 295 00b4 8085      		ldd r24,Z+8
 296 00b6 9185      		ldd r25,Z+9
 297               	.LVL31:
  92:../usbn2mc/fifo.h **** 	{
 298               		.loc 2 92 2 is_stmt 1 view .LVU92
  92:../usbn2mc/fifo.h **** 	{
 299               		.loc 2 92 5 is_stmt 0 view .LVU93
 300 00b8 0197      		sbiw r24, 1
 301               	.LVL32:
  92:../usbn2mc/fifo.h **** 	{
 302               		.loc 2 92 5 view .LVU94
 303 00ba 01F4      		brne .L13
  94:../usbn2mc/fifo.h **** 		pread -= read2end;
 304               		.loc 2 94 3 is_stmt 1 view .LVU95
  94:../usbn2mc/fifo.h **** 		pread -= read2end;
 305               		.loc 2 94 12 is_stmt 0 view .LVU96
 306 00bc 8281      		ldd r24,Z+2
 307 00be 9381      		ldd r25,Z+3
 308               	.LVL33:
  95:../usbn2mc/fifo.h **** 	}
 309               		.loc 2 95 3 is_stmt 1 view .LVU97
  95:../usbn2mc/fifo.h **** 	}
 310               		.loc 2 95 9 is_stmt 0 view .LVU98
 311 00c0 A81B      		sub r26,r24
 312 00c2 B90B      		sbc r27,r25
 313               	.LVL34:
 314               	.L13:
  98:../usbn2mc/fifo.h **** 	f->read2end = read2end;
 315               		.loc 2 98 2 is_stmt 1 view .LVU99
  98:../usbn2mc/fifo.h **** 	f->read2end = read2end;
 316               		.loc 2 98 11 is_stmt 0 view .LVU100
 317 00c4 B583      		std Z+5,r27
 318 00c6 A483      		std Z+4,r26
  99:../usbn2mc/fifo.h **** 	
 319               		.loc 2 99 2 is_stmt 1 view .LVU101
  99:../usbn2mc/fifo.h **** 	
 320               		.loc 2 99 14 is_stmt 0 view .LVU102
 321 00c8 9187      		std Z+9,r25
 322 00ca 8087      		std Z+8,r24
 104:../usbn2mc/fifo.h **** 	//_inline_fifo_unlock(f);
 323               		.loc 2 104 2 is_stmt 1 view .LVU103
 104:../usbn2mc/fifo.h **** 	//_inline_fifo_unlock(f);
 324               		.loc 2 104 3 is_stmt 0 view .LVU104
 325 00cc 8081      		ld r24,Z
 326 00ce 9181      		ldd r25,Z+1
 327               	.LVL35:
 104:../usbn2mc/fifo.h **** 	//_inline_fifo_unlock(f);
 328               		.loc 2 104 10 view .LVU105
 329 00d0 0197      		sbiw r24,1
 330 00d2 9183      		std Z+1,r25
 331 00d4 8083      		st Z,r24
 332               		.loc 2 108 2 is_stmt 1 view .LVU106
 333               	.LVL36:
 334               		.loc 2 108 2 is_stmt 0 view .LVU107
 335               	.LBE13:
 336               	.LBE12:
 337               		.loc 1 29 13 discriminator 1 view .LVU108
 338 00d6 2883      		st Y,r18
  30:../usbn2mc/fifo.c **** 		return 1;
 339               		.loc 1 30 3 is_stmt 1 view .LVU109
 340               		.loc 1 30 10 is_stmt 0 view .LVU110
 341 00d8 81E0      		ldi r24,lo8(1)
 342 00da 90E0      		ldi r25,0
 343               	.L11:
 344               	/* epilogue start */
  31:../usbn2mc/fifo.c **** 	}
  32:../usbn2mc/fifo.c **** }
 345               		.loc 1 32 1 view .LVU111
 346 00dc DF91      		pop r29
 347 00de CF91      		pop r28
 348 00e0 0895      		ret
 349               	.L14:
  26:../usbn2mc/fifo.c **** 	}
 350               		.loc 1 26 10 view .LVU112
 351 00e2 8FEF      		ldi r24,lo8(-1)
 352 00e4 9FEF      		ldi r25,lo8(-1)
 353 00e6 00C0      		rjmp .L11
 354               		.cfi_endproc
 355               	.LFE8:
 357               	.Letext0:
DEFINED SYMBOLS
                            *ABS*:00000000 fifo.c
/var/folders/95/f4gft48n7mqb1dd6rghl87p00000gn/T//cc31O7kc.s:2      *ABS*:0000003e __SP_H__
/var/folders/95/f4gft48n7mqb1dd6rghl87p00000gn/T//cc31O7kc.s:3      *ABS*:0000003d __SP_L__
/var/folders/95/f4gft48n7mqb1dd6rghl87p00000gn/T//cc31O7kc.s:4      *ABS*:0000003f __SREG__
/var/folders/95/f4gft48n7mqb1dd6rghl87p00000gn/T//cc31O7kc.s:5      *ABS*:00000000 __tmp_reg__
/var/folders/95/f4gft48n7mqb1dd6rghl87p00000gn/T//cc31O7kc.s:6      *ABS*:00000001 __zero_reg__
/var/folders/95/f4gft48n7mqb1dd6rghl87p00000gn/T//cc31O7kc.s:13     .text:00000000 fifo_init
/var/folders/95/f4gft48n7mqb1dd6rghl87p00000gn/T//cc31O7kc.s:17     .text:00000000 .Loc.0
/var/folders/95/f4gft48n7mqb1dd6rghl87p00000gn/T//cc31O7kc.s:18     .text:00000000 L0
/var/folders/95/f4gft48n7mqb1dd6rghl87p00000gn/T//cc31O7kc.s:23     .text:00000000 .Loc.1
/var/folders/95/f4gft48n7mqb1dd6rghl87p00000gn/T//cc31O7kc.s:25     .text:00000002 .Loc.2
/var/folders/95/f4gft48n7mqb1dd6rghl87p00000gn/T//cc31O7kc.s:26     .text:00000002 .Loc.3
/var/folders/95/f4gft48n7mqb1dd6rghl87p00000gn/T//cc31O7kc.s:29     .text:00000006 .Loc.4
/var/folders/95/f4gft48n7mqb1dd6rghl87p00000gn/T//cc31O7kc.s:30     .text:00000006 .Loc.5
/var/folders/95/f4gft48n7mqb1dd6rghl87p00000gn/T//cc31O7kc.s:33     .text:0000000a .Loc.6
/var/folders/95/f4gft48n7mqb1dd6rghl87p00000gn/T//cc31O7kc.s:36     .text:0000000e .Loc.7
/var/folders/95/f4gft48n7mqb1dd6rghl87p00000gn/T//cc31O7kc.s:37     .text:0000000e .Loc.8
/var/folders/95/f4gft48n7mqb1dd6rghl87p00000gn/T//cc31O7kc.s:40     .text:00000012 .Loc.9
/var/folders/95/f4gft48n7mqb1dd6rghl87p00000gn/T//cc31O7kc.s:43     .text:00000016 .Loc.10
/var/folders/95/f4gft48n7mqb1dd6rghl87p00000gn/T//cc31O7kc.s:46     .text:0000001a .Loc.11
/var/folders/95/f4gft48n7mqb1dd6rghl87p00000gn/T//cc31O7kc.s:47     .text:0000001a .Loc.12
/var/folders/95/f4gft48n7mqb1dd6rghl87p00000gn/T//cc31O7kc.s:50     .text:0000001c .Loc.13
/var/folders/95/f4gft48n7mqb1dd6rghl87p00000gn/T//cc31O7kc.s:53     .text:0000001e .Loc.14
/var/folders/95/f4gft48n7mqb1dd6rghl87p00000gn/T//cc31O7kc.s:55     .text:00000020 L0
/var/folders/95/f4gft48n7mqb1dd6rghl87p00000gn/T//cc31O7kc.s:60     .text:00000020 fifo_put
/var/folders/95/f4gft48n7mqb1dd6rghl87p00000gn/T//cc31O7kc.s:63     .text:00000020 .Loc.15
/var/folders/95/f4gft48n7mqb1dd6rghl87p00000gn/T//cc31O7kc.s:64     .text:00000020 L0
/var/folders/95/f4gft48n7mqb1dd6rghl87p00000gn/T//cc31O7kc.s:69     .text:00000020 .Loc.16
/var/folders/95/f4gft48n7mqb1dd6rghl87p00000gn/T//cc31O7kc.s:71     .text:00000022 .Loc.17
/var/folders/95/f4gft48n7mqb1dd6rghl87p00000gn/T//cc31O7kc.s:76     .text:00000022 .Loc.18
/var/folders/95/f4gft48n7mqb1dd6rghl87p00000gn/T//cc31O7kc.s:78     .text:00000022 .Loc.19
/var/folders/95/f4gft48n7mqb1dd6rghl87p00000gn/T//cc31O7kc.s:79     .text:00000022 .Loc.20
/var/folders/95/f4gft48n7mqb1dd6rghl87p00000gn/T//cc31O7kc.s:82     .text:00000026 .Loc.21
/var/folders/95/f4gft48n7mqb1dd6rghl87p00000gn/T//cc31O7kc.s:86     .text:0000002a .Loc.22
/var/folders/95/f4gft48n7mqb1dd6rghl87p00000gn/T//cc31O7kc.s:90     .text:00000030 .Loc.23
/var/folders/95/f4gft48n7mqb1dd6rghl87p00000gn/T//cc31O7kc.s:92     .text:00000030 .Loc.24
/var/folders/95/f4gft48n7mqb1dd6rghl87p00000gn/T//cc31O7kc.s:93     .text:00000030 .Loc.25
/var/folders/95/f4gft48n7mqb1dd6rghl87p00000gn/T//cc31O7kc.s:97     .text:00000034 .Loc.26
/var/folders/95/f4gft48n7mqb1dd6rghl87p00000gn/T//cc31O7kc.s:100    .text:00000036 .Loc.27
/var/folders/95/f4gft48n7mqb1dd6rghl87p00000gn/T//cc31O7kc.s:101    .text:00000036 .Loc.28
/var/folders/95/f4gft48n7mqb1dd6rghl87p00000gn/T//cc31O7kc.s:105    .text:0000003a .Loc.29
/var/folders/95/f4gft48n7mqb1dd6rghl87p00000gn/T//cc31O7kc.s:106    .text:0000003a .Loc.30
/var/folders/95/f4gft48n7mqb1dd6rghl87p00000gn/T//cc31O7kc.s:109    .text:0000003c .Loc.31
/var/folders/95/f4gft48n7mqb1dd6rghl87p00000gn/T//cc31O7kc.s:111    .text:0000003e .Loc.32
/var/folders/95/f4gft48n7mqb1dd6rghl87p00000gn/T//cc31O7kc.s:112    .text:0000003e .Loc.33
/var/folders/95/f4gft48n7mqb1dd6rghl87p00000gn/T//cc31O7kc.s:116    .text:00000042 .Loc.34
/var/folders/95/f4gft48n7mqb1dd6rghl87p00000gn/T//cc31O7kc.s:117    .text:00000042 .Loc.35
/var/folders/95/f4gft48n7mqb1dd6rghl87p00000gn/T//cc31O7kc.s:122    .text:00000046 .Loc.36
/var/folders/95/f4gft48n7mqb1dd6rghl87p00000gn/T//cc31O7kc.s:123    .text:00000046 .Loc.37
/var/folders/95/f4gft48n7mqb1dd6rghl87p00000gn/T//cc31O7kc.s:126    .text:0000004a .Loc.38
/var/folders/95/f4gft48n7mqb1dd6rghl87p00000gn/T//cc31O7kc.s:127    .text:0000004a .Loc.39
/var/folders/95/f4gft48n7mqb1dd6rghl87p00000gn/T//cc31O7kc.s:130    .text:0000004e .Loc.40
/var/folders/95/f4gft48n7mqb1dd6rghl87p00000gn/T//cc31O7kc.s:131    .text:0000004e .Loc.41
/var/folders/95/f4gft48n7mqb1dd6rghl87p00000gn/T//cc31O7kc.s:135    .text:00000052 .Loc.42
/var/folders/95/f4gft48n7mqb1dd6rghl87p00000gn/T//cc31O7kc.s:139    .text:00000058 .Loc.43
/var/folders/95/f4gft48n7mqb1dd6rghl87p00000gn/T//cc31O7kc.s:140    .text:00000058 .Loc.44
/var/folders/95/f4gft48n7mqb1dd6rghl87p00000gn/T//cc31O7kc.s:146    .text:0000005e .Loc.45
/var/folders/95/f4gft48n7mqb1dd6rghl87p00000gn/T//cc31O7kc.s:151    .text:00000062 .Loc.46
/var/folders/95/f4gft48n7mqb1dd6rghl87p00000gn/T//cc31O7kc.s:154    .text:00000062 .Loc.47
/var/folders/95/f4gft48n7mqb1dd6rghl87p00000gn/T//cc31O7kc.s:156    .text:00000064 L0
/var/folders/95/f4gft48n7mqb1dd6rghl87p00000gn/T//cc31O7kc.s:161    .text:00000064 fifo_get_wait
/var/folders/95/f4gft48n7mqb1dd6rghl87p00000gn/T//cc31O7kc.s:164    .text:00000064 .Loc.48
/var/folders/95/f4gft48n7mqb1dd6rghl87p00000gn/T//cc31O7kc.s:165    .text:00000064 L0
/var/folders/95/f4gft48n7mqb1dd6rghl87p00000gn/T//cc31O7kc.s:170    .text:00000064 .Loc.49
/var/folders/95/f4gft48n7mqb1dd6rghl87p00000gn/T//cc31O7kc.s:172    .text:00000066 .Loc.50
/var/folders/95/f4gft48n7mqb1dd6rghl87p00000gn/T//cc31O7kc.s:175    .text:00000066 .Loc.51
/var/folders/95/f4gft48n7mqb1dd6rghl87p00000gn/T//cc31O7kc.s:176    .text:00000066 .Loc.52
/var/folders/95/f4gft48n7mqb1dd6rghl87p00000gn/T//cc31O7kc.s:179    .text:0000006a .Loc.53
/var/folders/95/f4gft48n7mqb1dd6rghl87p00000gn/T//cc31O7kc.s:182    .text:0000006e .Loc.54
/var/folders/95/f4gft48n7mqb1dd6rghl87p00000gn/T//cc31O7kc.s:186    .text:0000006e .Loc.55
/var/folders/95/f4gft48n7mqb1dd6rghl87p00000gn/T//cc31O7kc.s:188    .text:0000006e .Loc.56
/var/folders/95/f4gft48n7mqb1dd6rghl87p00000gn/T//cc31O7kc.s:189    .text:0000006e .Loc.57
/var/folders/95/f4gft48n7mqb1dd6rghl87p00000gn/T//cc31O7kc.s:190    .text:0000006e .Loc.58
/var/folders/95/f4gft48n7mqb1dd6rghl87p00000gn/T//cc31O7kc.s:194    .text:00000072 .Loc.59
/var/folders/95/f4gft48n7mqb1dd6rghl87p00000gn/T//cc31O7kc.s:197    .text:00000074 .Loc.60
/var/folders/95/f4gft48n7mqb1dd6rghl87p00000gn/T//cc31O7kc.s:198    .text:00000074 .Loc.61
/var/folders/95/f4gft48n7mqb1dd6rghl87p00000gn/T//cc31O7kc.s:202    .text:00000078 .Loc.62
/var/folders/95/f4gft48n7mqb1dd6rghl87p00000gn/T//cc31O7kc.s:203    .text:00000078 .Loc.63
/var/folders/95/f4gft48n7mqb1dd6rghl87p00000gn/T//cc31O7kc.s:207    .text:0000007c .Loc.64
/var/folders/95/f4gft48n7mqb1dd6rghl87p00000gn/T//cc31O7kc.s:209    .text:0000007e .Loc.65
/var/folders/95/f4gft48n7mqb1dd6rghl87p00000gn/T//cc31O7kc.s:210    .text:0000007e .Loc.66
/var/folders/95/f4gft48n7mqb1dd6rghl87p00000gn/T//cc31O7kc.s:214    .text:00000082 .Loc.67
/var/folders/95/f4gft48n7mqb1dd6rghl87p00000gn/T//cc31O7kc.s:215    .text:00000082 .Loc.68
/var/folders/95/f4gft48n7mqb1dd6rghl87p00000gn/T//cc31O7kc.s:220    .text:00000086 .Loc.69
/var/folders/95/f4gft48n7mqb1dd6rghl87p00000gn/T//cc31O7kc.s:221    .text:00000086 .Loc.70
/var/folders/95/f4gft48n7mqb1dd6rghl87p00000gn/T//cc31O7kc.s:224    .text:0000008a .Loc.71
/var/folders/95/f4gft48n7mqb1dd6rghl87p00000gn/T//cc31O7kc.s:225    .text:0000008a .Loc.72
/var/folders/95/f4gft48n7mqb1dd6rghl87p00000gn/T//cc31O7kc.s:228    .text:0000008e .Loc.73
/var/folders/95/f4gft48n7mqb1dd6rghl87p00000gn/T//cc31O7kc.s:229    .text:0000008e .Loc.74
/var/folders/95/f4gft48n7mqb1dd6rghl87p00000gn/T//cc31O7kc.s:233    .text:00000092 .Loc.75
/var/folders/95/f4gft48n7mqb1dd6rghl87p00000gn/T//cc31O7kc.s:238    .text:0000009a .Loc.76
/var/folders/95/f4gft48n7mqb1dd6rghl87p00000gn/T//cc31O7kc.s:241    .text:0000009a .Loc.77
/var/folders/95/f4gft48n7mqb1dd6rghl87p00000gn/T//cc31O7kc.s:244    .text:0000009a .Loc.78
/var/folders/95/f4gft48n7mqb1dd6rghl87p00000gn/T//cc31O7kc.s:246    .text:0000009c L0
/var/folders/95/f4gft48n7mqb1dd6rghl87p00000gn/T//cc31O7kc.s:251    .text:0000009c fifo_get_nowait
/var/folders/95/f4gft48n7mqb1dd6rghl87p00000gn/T//cc31O7kc.s:254    .text:0000009c .Loc.79
/var/folders/95/f4gft48n7mqb1dd6rghl87p00000gn/T//cc31O7kc.s:255    .text:0000009c L0
/var/folders/95/f4gft48n7mqb1dd6rghl87p00000gn/T//cc31O7kc.s:256    .text:0000009c .Loc.80
/var/folders/95/f4gft48n7mqb1dd6rghl87p00000gn/T//cc31O7kc.s:269    .text:000000a4 .Loc.81
/var/folders/95/f4gft48n7mqb1dd6rghl87p00000gn/T//cc31O7kc.s:270    .text:000000a4 .Loc.82
/var/folders/95/f4gft48n7mqb1dd6rghl87p00000gn/T//cc31O7kc.s:274    .text:000000a8 .Loc.83
/var/folders/95/f4gft48n7mqb1dd6rghl87p00000gn/T//cc31O7kc.s:278    .text:000000ae .Loc.84
/var/folders/95/f4gft48n7mqb1dd6rghl87p00000gn/T//cc31O7kc.s:282    .text:000000ae .Loc.85
/var/folders/95/f4gft48n7mqb1dd6rghl87p00000gn/T//cc31O7kc.s:284    .text:000000ae .Loc.86
/var/folders/95/f4gft48n7mqb1dd6rghl87p00000gn/T//cc31O7kc.s:285    .text:000000ae .Loc.87
/var/folders/95/f4gft48n7mqb1dd6rghl87p00000gn/T//cc31O7kc.s:286    .text:000000ae .Loc.88
/var/folders/95/f4gft48n7mqb1dd6rghl87p00000gn/T//cc31O7kc.s:290    .text:000000b2 .Loc.89
/var/folders/95/f4gft48n7mqb1dd6rghl87p00000gn/T//cc31O7kc.s:293    .text:000000b4 .Loc.90
/var/folders/95/f4gft48n7mqb1dd6rghl87p00000gn/T//cc31O7kc.s:294    .text:000000b4 .Loc.91
/var/folders/95/f4gft48n7mqb1dd6rghl87p00000gn/T//cc31O7kc.s:298    .text:000000b8 .Loc.92
/var/folders/95/f4gft48n7mqb1dd6rghl87p00000gn/T//cc31O7kc.s:299    .text:000000b8 .Loc.93
/var/folders/95/f4gft48n7mqb1dd6rghl87p00000gn/T//cc31O7kc.s:302    .text:000000ba .Loc.94
/var/folders/95/f4gft48n7mqb1dd6rghl87p00000gn/T//cc31O7kc.s:304    .text:000000bc .Loc.95
/var/folders/95/f4gft48n7mqb1dd6rghl87p00000gn/T//cc31O7kc.s:305    .text:000000bc .Loc.96
/var/folders/95/f4gft48n7mqb1dd6rghl87p00000gn/T//cc31O7kc.s:309    .text:000000c0 .Loc.97
/var/folders/95/f4gft48n7mqb1dd6rghl87p00000gn/T//cc31O7kc.s:310    .text:000000c0 .Loc.98
/var/folders/95/f4gft48n7mqb1dd6rghl87p00000gn/T//cc31O7kc.s:315    .text:000000c4 .Loc.99
/var/folders/95/f4gft48n7mqb1dd6rghl87p00000gn/T//cc31O7kc.s:316    .text:000000c4 .Loc.100
/var/folders/95/f4gft48n7mqb1dd6rghl87p00000gn/T//cc31O7kc.s:319    .text:000000c8 .Loc.101
/var/folders/95/f4gft48n7mqb1dd6rghl87p00000gn/T//cc31O7kc.s:320    .text:000000c8 .Loc.102
/var/folders/95/f4gft48n7mqb1dd6rghl87p00000gn/T//cc31O7kc.s:323    .text:000000cc .Loc.103
/var/folders/95/f4gft48n7mqb1dd6rghl87p00000gn/T//cc31O7kc.s:324    .text:000000cc .Loc.104
/var/folders/95/f4gft48n7mqb1dd6rghl87p00000gn/T//cc31O7kc.s:328    .text:000000d0 .Loc.105
/var/folders/95/f4gft48n7mqb1dd6rghl87p00000gn/T//cc31O7kc.s:332    .text:000000d6 .Loc.106
/var/folders/95/f4gft48n7mqb1dd6rghl87p00000gn/T//cc31O7kc.s:334    .text:000000d6 .Loc.107
/var/folders/95/f4gft48n7mqb1dd6rghl87p00000gn/T//cc31O7kc.s:337    .text:000000d6 .Loc.108
/var/folders/95/f4gft48n7mqb1dd6rghl87p00000gn/T//cc31O7kc.s:339    .text:000000d8 .Loc.109
/var/folders/95/f4gft48n7mqb1dd6rghl87p00000gn/T//cc31O7kc.s:340    .text:000000d8 .Loc.110
/var/folders/95/f4gft48n7mqb1dd6rghl87p00000gn/T//cc31O7kc.s:345    .text:000000dc .Loc.111
/var/folders/95/f4gft48n7mqb1dd6rghl87p00000gn/T//cc31O7kc.s:350    .text:000000e2 .Loc.112
/var/folders/95/f4gft48n7mqb1dd6rghl87p00000gn/T//cc31O7kc.s:354    .text:000000e8 L0
/var/folders/95/f4gft48n7mqb1dd6rghl87p00000gn/T//cc31O7kc.s:358    .text:000000e8 L0
                     .debug_frame:00000000 L0
/var/folders/95/f4gft48n7mqb1dd6rghl87p00000gn/T//cc31O7kc.s:145    .text:0000005e .L5
/var/folders/95/f4gft48n7mqb1dd6rghl87p00000gn/T//cc31O7kc.s:121    .text:00000046 .L4
/var/folders/95/f4gft48n7mqb1dd6rghl87p00000gn/T//cc31O7kc.s:174    .text:00000066 .L7
/var/folders/95/f4gft48n7mqb1dd6rghl87p00000gn/T//cc31O7kc.s:219    .text:00000086 .L8
/var/folders/95/f4gft48n7mqb1dd6rghl87p00000gn/T//cc31O7kc.s:349    .text:000000e2 .L14
/var/folders/95/f4gft48n7mqb1dd6rghl87p00000gn/T//cc31O7kc.s:314    .text:000000c4 .L13
/var/folders/95/f4gft48n7mqb1dd6rghl87p00000gn/T//cc31O7kc.s:343    .text:000000dc .L11
/var/folders/95/f4gft48n7mqb1dd6rghl87p00000gn/T//cc31O7kc.s:694    .debug_abbrev:00000000 .Ldebug_abbrev0
/var/folders/95/f4gft48n7mqb1dd6rghl87p00000gn/T//cc31O7kc.s:8      .text:00000000 .Ltext0
/var/folders/95/f4gft48n7mqb1dd6rghl87p00000gn/T//cc31O7kc.s:357    .text:000000e8 .Letext0
/var/folders/95/f4gft48n7mqb1dd6rghl87p00000gn/T//cc31O7kc.s:1490   .debug_line:00000000 .Ldebug_line0
/var/folders/95/f4gft48n7mqb1dd6rghl87p00000gn/T//cc31O7kc.s:253    .text:0000009c .LFB8
/var/folders/95/f4gft48n7mqb1dd6rghl87p00000gn/T//cc31O7kc.s:355    .text:000000e8 .LFE8
/var/folders/95/f4gft48n7mqb1dd6rghl87p00000gn/T//cc31O7kc.s:1049   .debug_loclists:00000010 .LLST11
/var/folders/95/f4gft48n7mqb1dd6rghl87p00000gn/T//cc31O7kc.s:1044   .debug_loclists:0000000c .LVUS11
/var/folders/95/f4gft48n7mqb1dd6rghl87p00000gn/T//cc31O7kc.s:281    .text:000000ae .LBI12
/var/folders/95/f4gft48n7mqb1dd6rghl87p00000gn/T//cc31O7kc.s:280    .text:000000ae .LBB12
/var/folders/95/f4gft48n7mqb1dd6rghl87p00000gn/T//cc31O7kc.s:336    .text:000000d6 .LBE12
/var/folders/95/f4gft48n7mqb1dd6rghl87p00000gn/T//cc31O7kc.s:1074   .debug_loclists:0000002b .LLST12
/var/folders/95/f4gft48n7mqb1dd6rghl87p00000gn/T//cc31O7kc.s:1071   .debug_loclists:00000029 .LVUS12
/var/folders/95/f4gft48n7mqb1dd6rghl87p00000gn/T//cc31O7kc.s:1093   .debug_loclists:0000003e .LLST13
/var/folders/95/f4gft48n7mqb1dd6rghl87p00000gn/T//cc31O7kc.s:1086   .debug_loclists:00000038 .LVUS13
/var/folders/95/f4gft48n7mqb1dd6rghl87p00000gn/T//cc31O7kc.s:1125   .debug_loclists:00000062 .LLST14
/var/folders/95/f4gft48n7mqb1dd6rghl87p00000gn/T//cc31O7kc.s:1122   .debug_loclists:00000060 .LVUS14
/var/folders/95/f4gft48n7mqb1dd6rghl87p00000gn/T//cc31O7kc.s:1141   .debug_loclists:00000072 .LLST15
/var/folders/95/f4gft48n7mqb1dd6rghl87p00000gn/T//cc31O7kc.s:1132   .debug_loclists:0000006a .LVUS15
/var/folders/95/f4gft48n7mqb1dd6rghl87p00000gn/T//cc31O7kc.s:163    .text:00000064 .LFB7
/var/folders/95/f4gft48n7mqb1dd6rghl87p00000gn/T//cc31O7kc.s:247    .text:0000009c .LFE7
/var/folders/95/f4gft48n7mqb1dd6rghl87p00000gn/T//cc31O7kc.s:1180   .debug_loclists:0000009f .LLST6
/var/folders/95/f4gft48n7mqb1dd6rghl87p00000gn/T//cc31O7kc.s:1175   .debug_loclists:0000009b .LVUS6
/var/folders/95/f4gft48n7mqb1dd6rghl87p00000gn/T//cc31O7kc.s:185    .text:0000006e .LBI8
/var/folders/95/f4gft48n7mqb1dd6rghl87p00000gn/T//cc31O7kc.s:184    .text:0000006e .LBB8
/var/folders/95/f4gft48n7mqb1dd6rghl87p00000gn/T//cc31O7kc.s:243    .text:0000009a .LBE8
/var/folders/95/f4gft48n7mqb1dd6rghl87p00000gn/T//cc31O7kc.s:1205   .debug_loclists:000000b7 .LLST7
/var/folders/95/f4gft48n7mqb1dd6rghl87p00000gn/T//cc31O7kc.s:1202   .debug_loclists:000000b5 .LVUS7
/var/folders/95/f4gft48n7mqb1dd6rghl87p00000gn/T//cc31O7kc.s:1224   .debug_loclists:000000c9 .LLST8
/var/folders/95/f4gft48n7mqb1dd6rghl87p00000gn/T//cc31O7kc.s:1217   .debug_loclists:000000c3 .LVUS8
/var/folders/95/f4gft48n7mqb1dd6rghl87p00000gn/T//cc31O7kc.s:1256   .debug_loclists:000000e8 .LLST9
/var/folders/95/f4gft48n7mqb1dd6rghl87p00000gn/T//cc31O7kc.s:1253   .debug_loclists:000000e6 .LVUS9
/var/folders/95/f4gft48n7mqb1dd6rghl87p00000gn/T//cc31O7kc.s:1272   .debug_loclists:000000f7 .LLST10
/var/folders/95/f4gft48n7mqb1dd6rghl87p00000gn/T//cc31O7kc.s:1263   .debug_loclists:000000ef .LVUS10
/var/folders/95/f4gft48n7mqb1dd6rghl87p00000gn/T//cc31O7kc.s:62     .text:00000020 .LFB6
/var/folders/95/f4gft48n7mqb1dd6rghl87p00000gn/T//cc31O7kc.s:157    .text:00000064 .LFE6
/var/folders/95/f4gft48n7mqb1dd6rghl87p00000gn/T//cc31O7kc.s:1311   .debug_loclists:00000121 .LLST1
/var/folders/95/f4gft48n7mqb1dd6rghl87p00000gn/T//cc31O7kc.s:1306   .debug_loclists:0000011d .LVUS1
/var/folders/95/f4gft48n7mqb1dd6rghl87p00000gn/T//cc31O7kc.s:74     .text:00000022 .LBI4
/var/folders/95/f4gft48n7mqb1dd6rghl87p00000gn/T//cc31O7kc.s:73     .text:00000022 .LBB4
/var/folders/95/f4gft48n7mqb1dd6rghl87p00000gn/T//cc31O7kc.s:153    .text:00000062 .LBE4
/var/folders/95/f4gft48n7mqb1dd6rghl87p00000gn/T//cc31O7kc.s:1338   .debug_loclists:0000013a .LLST2
/var/folders/95/f4gft48n7mqb1dd6rghl87p00000gn/T//cc31O7kc.s:1333   .debug_loclists:00000136 .LVUS2
/var/folders/95/f4gft48n7mqb1dd6rghl87p00000gn/T//cc31O7kc.s:1363   .debug_loclists:00000151 .LLST3
/var/folders/95/f4gft48n7mqb1dd6rghl87p00000gn/T//cc31O7kc.s:1360   .debug_loclists:0000014f .LVUS3
/var/folders/95/f4gft48n7mqb1dd6rghl87p00000gn/T//cc31O7kc.s:1377   .debug_loclists:0000015d .LLST4
/var/folders/95/f4gft48n7mqb1dd6rghl87p00000gn/T//cc31O7kc.s:1370   .debug_loclists:00000157 .LVUS4
/var/folders/95/f4gft48n7mqb1dd6rghl87p00000gn/T//cc31O7kc.s:1415   .debug_loclists:00000181 .LLST5
/var/folders/95/f4gft48n7mqb1dd6rghl87p00000gn/T//cc31O7kc.s:1406   .debug_loclists:00000179 .LVUS5
/var/folders/95/f4gft48n7mqb1dd6rghl87p00000gn/T//cc31O7kc.s:15     .text:00000000 .LFB5
/var/folders/95/f4gft48n7mqb1dd6rghl87p00000gn/T//cc31O7kc.s:56     .text:00000020 .LFE5
/var/folders/95/f4gft48n7mqb1dd6rghl87p00000gn/T//cc31O7kc.s:1454   .debug_loclists:000001a6 .LLST0
/var/folders/95/f4gft48n7mqb1dd6rghl87p00000gn/T//cc31O7kc.s:1449   .debug_loclists:000001a2 .LVUS0
/var/folders/95/f4gft48n7mqb1dd6rghl87p00000gn/T//cc31O7kc.s:359    .debug_info:00000000 .Ldebug_info0

NO UNDEFINED SYMBOLS
